Please enter the number of integers to insert: There are 5 integers.
Please enter the number at position 1 : Please enter the number at position 2 : Please enter the number at position 3 : Please enter the number at position 4 : Please enter the number at position 5 : Here are the numbers sorted: 1,2,3,6,9,
