This program calculates the nth fibonacci number iteratively.
Please enter n (should not be too large): The input n is 6
The nth fibonacci number is 8
